// Jest Snapshot v1, https://goo.gl/fbAQLP

exports[`snapshot 1`] = `
<header
  className="Header__Container-sc-1xm1d2j-0 kGxEuW"
>
  <h1
    className="Header__StyledH1-sc-1xm1d2j-1 iQHtNW"
  >
    To do list
  </h1>
</header>
`;
